-
    location: { column: 0, endLine: 13, startLine: 13 }
    node: { variableName: obj, value: { subNodeNames: [class, args], type: Expr_New, rawArgs: {  }, firstClassCallable: false, args: {  }, line: 13, startLine: 13, endLine: 13, startTokenPos: 57, endTokenPos: 61, startFilePos: 157, endFilePos: 169, comments: {  }, docComment: null, attributes: { startLine: 13, startTokenPos: 57, startFilePos: 157, endLine: 13, endTokenPos: 61, endFilePos: 169 }, class: { subNodeNames: [name], parts: [MyClass], first: MyClass, last: MyClass, unqualified: true, qualified: false, fullyQualified: false, relative: false, specialClassName: false, type: Name, line: 13, startLine: 13, endLine: 13, startTokenPos: 59, endTokenPos: 59, startFilePos: 161, endFilePos: 167, comments: {  }, docComment: null, attributes: { startLine: 13, startTokenPos: 59, startFilePos: 161, endLine: 13, endTokenPos: 59, endFilePos: 167 }, name: MyClass } }, name: obj, location: { column: 0, endLine: 13, startLine: 13 } }
    snippet: null
