-
    location: { column: 0, endLine: 4, startLine: 3 }
    node: { variableName: { subNodeNames: [name], specialClassName: false, type: Identifier, line: 3, startLine: 3, endLine: 3, startTokenPos: 13, endTokenPos: 13, startFilePos: 82, endFilePos: 109, comments: {  }, docComment: null, attributes: { startLine: 3, startTokenPos: 13, startFilePos: 82, endLine: 3, endTokenPos: 13, endFilePos: 109 }, name: whereSessionRegistrationUuid }, methodName: firstOrFail, name: $whereSessionRegistrationUuid->firstOrFail, args: {  }, location: { column: 0, endLine: 4, startLine: 3 } }
    snippet: null
